#
# There is insufficient memory for the Java Runtime Environment to continue.
# Native memory allocation (malloc) failed to allocate 2000224 bytes for Chunk::new
# Possible reasons:
#   The system is out of physical RAM or swap space
#   The process is running with CompressedOops enabled, and the Java Heap may be blocking the growth of the native heap
# Possible solutions:
#   Reduce memory load on the system
#   Increase physical memory or swap space
#   Check if swap backing store is full
#   Decrease Java heap size (-Xmx/-Xms)
#   Decrease number of Java threads
#   Decrease Java thread stack sizes (-Xss)
#   Set larger code cache with -XX:ReservedCodeCacheSize=
#   JVM is running with Zero Based Compressed Oops mode in which the Java heap is
#     placed in the first 32GB address space. The Java Heap base address is the
#     maximum limit for the native heap growth. Please use -XX:HeapBaseMinAddress
#     to set the Java Heap base and to place the Java Heap above 32GB virtual address.
# This output file may be truncated or incomplete.
#
#  Out of Memory Error (allocation.cpp:389), pid=3532, tid=0x0000000000002f9c
#
# JRE version: Java(TM) SE Runtime Environment (8.0_231-b11) (build 1.8.0_231-b11)
# Java VM: Java HotSpot(TM) 64-Bit Server VM (25.231-b11 mixed mode windows-amd64 compressed oops)
# Failed to write core dump. Minidumps are not enabled by default on client versions of Windows
#

---------------  T H R E A D  ---------------

Current thread (0x000000001e8b4800):  JavaThread "C2 CompilerThread2" daemon [_thread_in_native, id=12188, stack(0x0000000020060000,0x0000000020160000)]

Stack: [0x0000000020060000,0x0000000020160000]
[error occurred during error reporting (printing stack bounds), id 0xc0000005]

Native frames: (J=compiled Java code, j=interpreted, Vv=VM code, C=native code)


Current CompileTask:
C2:   6598 4754   !   4       lombok.javac.JavacAST::drill (146 bytes)


---------------  P R O C E S S  ---------------

Java Threads: ( => current thread )
  0x000000001e8cf800 JavaThread "Service Thread" daemon [_thread_blocked, id=6752, stack(0x0000000020260000,0x0000000020360000)]
  0x000000001e8b7800 JavaThread "C1 CompilerThread3" daemon [_thread_blocked, id=25568, stack(0x0000000020160000,0x0000000020260000)]
=>0x000000001e8b4800 JavaThread "C2 CompilerThread2" daemon [_thread_in_native, id=12188, stack(0x0000000020060000,0x0000000020160000)]
  0x000000001e8b4000 JavaThread "C2 CompilerThread1" daemon [_thread_in_native, id=14040, stack(0x000000001ff60000,0x0000000020060000)]
  0x000000001e8ab000 JavaThread "C2 CompilerThread0" daemon [_thread_in_native, id=20612, stack(0x000000001fe60000,0x000000001ff60000)]
  0x000000001e89b800 JavaThread "Monitor Ctrl-Break" daemon [_thread_in_native, id=25284, stack(0x000000001fd60000,0x000000001fe60000)]
  0x000000001e875800 JavaThread "Attach Listener" daemon [_thread_blocked, id=26552, stack(0x000000001fc60000,0x000000001fd60000)]
  0x000000001e823000 JavaThread "Signal Dispatcher" daemon [_thread_blocked, id=21712, stack(0x000000001fb60000,0x000000001fc60000)]
  0x000000000367c000 JavaThread "Finalizer" daemon [_thread_blocked, id=580, stack(0x000000001fa60000,0x000000001fb60000)]
  0x000000001d13d800 JavaThread "Reference Handler" daemon [_thread_blocked, id=27168, stack(0x000000001f960000,0x000000001fa60000)]
  0x0000000003584000 JavaThread "main" [_thread_in_Java, id=18880, stack(0x0000000003250000,0x0000000003350000)]

Other Threads:
  0x000000001d137000 VMThread [stack: 0x000000001f860000,0x000000001f960000] [id=6856]
  0x000000001e977000 WatcherThread [stack: 0x0000000020360000,0x0000000020460000] [id=27992]

VM state:not at safepoint (normal execution)

VM Mutex/Monitor currently owned by a thread: None

heap address: 0x00000006c4000000, size: 4032 MB, Compressed Oops mode: Zero based, Oop shift amount: 3
Narrow klass base: 0x0000000000000000, Narrow klass shift: 3
Compressed class space size: 1073741824 Address: 0x00000007c0000000

Heap:
 PSYoungGen      total 139776K, used 93143K [0x000000076c000000, 0x0000000775300000, 0x00000007c0000000)
  eden space 129024K, 63% used [0x000000076c000000,0x0000000771077628,0x0000000773e00000)
  from space 10752K, 99% used [0x0000000774880000,0x00000007752fe738,0x0000000775300000)
  to   space 10752K, 0% used [0x0000000773e00000,0x0000000773e00000,0x0000000774880000)
 ParOldGen       total 142848K, used 43023K [0x00000006c4000000, 0x00000006ccb80000, 0x000000076c000000)
  object space 142848K, 30% used [0x00000006c4000000,0x00000006c6a03e60,0x00000006ccb80000)
 Metaspace       used 26989K, capacity 27796K, committed 28032K, reserved 1073152K
  class space    used 3116K, capacity 3343K, committed 3456K, reserved 1048576K

Card table byte_map: [0x0000000012a40000,0x0000000013230000] byte_map_base: 0x000000000f420000

Marking Bits: (ParMarkBitMap*) 0x0000000056086d90
 Begin Bits: [0x0000000014170000, 0x0000000018070000)
 End Bits:   [0x0000000018070000, 0x000000001bf70000)

Polling page: 0x0000000001550000

CodeCache: size=245760Kb used=16290Kb max_used=16367Kb free=229469Kb
 bounds [0x0000000003680000, 0x0000000004690000, 0x0000000012680000]
 total_blobs=5000 nmethods=4571 adapters=341
 compilation: enabled

Compilation events (10 events):
Event: 6.581 Thread 0x000000001e8b7800 5083       3       java.util.EnumSet::of (22 bytes)
Event: 6.581 Thread 0x000000001e8b7800 nmethod 5083 0x0000000003f6d750 code [0x0000000003f6d900, 0x0000000003f6de98]
Event: 6.588 Thread 0x000000001e8b7800 5084       3       java.io.WinNTFileSystem::slashify (43 bytes)
Event: 6.589 Thread 0x000000001e8b7800 nmethod 5084 0x0000000003f6be90 code [0x0000000003f6c0c0, 0x0000000003f6cf88]
Event: 6.589 Thread 0x000000001e8b7800 5085       3       com.sun.tools.javac.file.JavacFileManager::hasLocation (14 bytes)
Event: 6.589 Thread 0x000000001e8b7800 nmethod 5085 0x0000000003f6b190 code [0x0000000003f6b360, 0x0000000003f6bb08]
Event: 6.591 Thread 0x000000001e8b7800 5086       3       com.sun.tools.javac.jvm.ClassReader::getPackageFileKinds (10 bytes)
Event: 6.591 Thread 0x000000001e8b7800 nmethod 5086 0x0000000003f6a790 code [0x0000000003f6a940, 0x0000000003f6af58]
Event: 6.593 Thread 0x000000001e8b7800 5087       1       com.sun.tools.javac.code.Type$ArrayType::getTag (4 bytes)
Event: 6.593 Thread 0x000000001e8b7800 nmethod 5087 0x0000000003f6a4d0 code [0x0000000003f6a620, 0x0000000003f6a730]

GC Heap History (10 events):
Event: 2.471 GC heap before
{Heap before GC invocations=3 (full 0):
 PSYoungGen      total 75264K, used 75243K [0x000000076c000000, 0x0000000771400000, 0x00000007c0000000)
  eden space 64512K, 100% used [0x000000076c000000,0x000000076ff00000,0x000000076ff00000)
  from space 10752K, 99% used [0x0000000770980000,0x00000007713fac50,0x0000000771400000)
  to   space 10752K, 0% used [0x000000076ff00000,0x000000076ff00000,0x0000000770980000)
 ParOldGen       total 172032K, used 1217K [0x00000006c4000000, 0x00000006ce800000, 0x000000076c000000)
  object space 172032K, 0% used [0x00000006c4000000,0x00000006c4130410,0x00000006ce800000)
 Metaspace       used 16586K, capacity 16970K, committed 17152K, reserved 1064960K
  class space    used 1940K, capacity 2048K, committed 2048K, reserved 1048576K
Event: 2.480 GC heap after
Heap after GC invocations=3 (full 0):
 PSYoungGen      total 75264K, used 10744K [0x000000076c000000, 0x0000000775300000, 0x00000007c0000000)
  eden space 64512K, 0% used [0x000000076c000000,0x000000076c000000,0x000000076ff00000)
  from space 10752K, 99% used [0x000000076ff00000,0x000000077097e030,0x0000000770980000)
  to   space 10752K, 0% used [0x0000000774880000,0x0000000774880000,0x0000000775300000)
 ParOldGen       total 172032K, used 6570K [0x00000006c4000000, 0x00000006ce800000, 0x000000076c000000)
  object space 172032K, 3% used [0x00000006c4000000,0x00000006c466a9e8,0x00000006ce800000)
 Metaspace       used 16586K, capacity 16970K, committed 17152K, reserved 1064960K
  class space    used 1940K, capacity 2048K, committed 2048K, reserved 1048576K
}
Event: 2.940 GC heap before
{Heap before GC invocations=4 (full 0):
 PSYoungGen      total 75264K, used 75256K [0x000000076c000000, 0x0000000775300000, 0x00000007c0000000)
  eden space 64512K, 100% used [0x000000076c000000,0x000000076ff00000,0x000000076ff00000)
  from space 10752K, 99% used [0x000000076ff00000,0x000000077097e030,0x0000000770980000)
  to   space 10752K, 0% used [0x0000000774880000,0x0000000774880000,0x0000000775300000)
 ParOldGen       total 172032K, used 6570K [0x00000006c4000000, 0x00000006ce800000, 0x000000076c000000)
  object space 172032K, 3% used [0x00000006c4000000,0x00000006c466a9e8,0x00000006ce800000)
 Metaspace       used 16941K, capacity 17390K, committed 17792K, reserved 1064960K
  class space    used 1944K, capacity 2054K, committed 2176K, reserved 1048576K
Event: 2.955 GC heap after
Heap after GC invocations=4 (full 0):
 PSYoungGen      total 139776K, used 10728K [0x000000076c000000, 0x0000000775300000, 0x00000007c0000000)
  eden space 129024K, 0% used [0x000000076c000000,0x000000076c000000,0x0000000773e00000)
  from space 10752K, 99% used [0x0000000774880000,0x00000007752fa040,0x0000000775300000)
  to   space 10752K, 0% used [0x0000000773e00000,0x0000000773e00000,0x0000000774880000)
 ParOldGen       total 172032K, used 15518K [0x00000006c4000000, 0x00000006ce800000, 0x000000076c000000)
  object space 172032K, 9% used [0x00000006c4000000,0x00000006c4f27800,0x00000006ce800000)
 Metaspace       used 16941K, capacity 17390K, committed 17792K, reserved 1064960K
  class space    used 1944K, capacity 2054K, committed 2176K, reserved 1048576K
}
Event: 3.786 GC heap before
{Heap before GC invocations=5 (full 0):
 PSYoungGen      total 139776K, used 90082K [0x000000076c000000, 0x0000000775300000, 0x00000007c0000000)
  eden space 129024K, 61% used [0x000000076c000000,0x0000000770d7ea80,0x0000000773e00000)
  from space 10752K, 99% used [0x0000000774880000,0x00000007752fa040,0x0000000775300000)
  to   space 10752K, 0% used [0x0000000773e00000,0x0000000773e00000,0x0000000774880000)
 ParOldGen       total 172032K, used 15518K [0x00000006c4000000, 0x00000006ce800000, 0x000000076c000000)
  object space 172032K, 9% used [0x00000006c4000000,0x00000006c4f27800,0x00000006ce800000)
 Metaspace       used 20588K, capacity 21132K, committed 21248K, reserved 1069056K
  class space    used 2371K, capacity 2495K, committed 2560K, reserved 1048576K
Event: 3.805 GC heap after
Heap after GC invocations=5 (full 0):
 PSYoungGen      total 139776K, used 10726K [0x000000076c000000, 0x0000000775300000, 0x00000007c0000000)
  eden space 129024K, 0% used [0x000000076c000000,0x000000076c000000,0x0000000773e00000)
  from space 10752K, 99% used [0x0000000773e00000,0x0000000774879ab0,0x0000000774880000)
  to   space 10752K, 0% used [0x0000000774880000,0x0000000774880000,0x0000000775300000)
 ParOldGen       total 172032K, used 21347K [0x00000006c4000000, 0x00000006ce800000, 0x000000076c000000)
  object space 172032K, 12% used [0x00000006c4000000,0x00000006c54d8dc8,0x00000006ce800000)
 Metaspace       used 20588K, capacity 21132K, committed 21248K, reserved 1069056K
  class space    used 2371K, capacity 2495K, committed 2560K, reserved 1048576K
}
Event: 3.805 GC heap before
{Heap before GC invocations=6 (full 1):
 PSYoungGen      total 139776K, used 10726K [0x000000076c000000, 0x0000000775300000, 0x00000007c0000000)
  eden space 129024K, 0% used [0x000000076c000000,0x000000076c000000,0x0000000773e00000)
  from space 10752K, 99% used [0x0000000773e00000,0x0000000774879ab0,0x0000000774880000)
  to   space 10752K, 0% used [0x0000000774880000,0x0000000774880000,0x0000000775300000)
 ParOldGen       total 172032K, used 21347K [0x00000006c4000000, 0x00000006ce800000, 0x000000076c000000)
  object space 172032K, 12% used [0x00000006c4000000,0x00000006c54d8dc8,0x00000006ce800000)
 Metaspace       used 20588K, capacity 21132K, committed 21248K, reserved 1069056K
  class space    used 2371K, capacity 2495K, committed 2560K, reserved 1048576K
Event: 3.909 GC heap after
Heap after GC invocations=6 (full 1):
 PSYoungGen      total 139776K, used 0K [0x000000076c000000, 0x0000000775300000, 0x00000007c0000000)
  eden space 129024K, 0% used [0x000000076c000000,0x000000076c000000,0x0000000773e00000)
  from space 10752K, 0% used [0x0000000773e00000,0x0000000773e00000,0x0000000774880000)
  to   space 10752K, 0% used [0x0000000774880000,0x0000000774880000,0x0000000775300000)
 ParOldGen       total 142848K, used 28880K [0x00000006c4000000, 0x00000006ccb80000, 0x000000076c000000)
  object space 142848K, 20% used [0x00000006c4000000,0x00000006c5c341f8,0x00000006ccb80000)
 Metaspace       used 20588K, capacity 21132K, committed 21248K, reserved 1069056K
  class space    used 2371K, capacity 2495K, committed 2560K, reserved 1048576K
}
Event: 5.894 GC heap before
{Heap before GC invocations=7 (full 1):
 PSYoungGen      total 139776K, used 129024K [0x000000076c000000, 0x0000000775300000, 0x00000007c0000000)
  eden space 129024K, 100% used [0x000000076c000000,0x0000000773e00000,0x0000000773e00000)
  from space 10752K, 0% used [0x0000000773e00000,0x0000000773e00000,0x0000000774880000)
  to   space 10752K, 0% used [0x0000000774880000,0x0000000774880000,0x0000000775300000)
 ParOldGen       total 142848K, used 28880K [0x00000006c4000000, 0x00000006ccb80000, 0x000000076c000000)
  object space 142848K, 20% used [0x00000006c4000000,0x00000006c5c341f8,0x00000006ccb80000)
 Metaspace       used 23982K, capacity 24626K, committed 24704K, reserved 1071104K
  class space    used 2739K, capacity 2893K, committed 2944K, reserved 1048576K
Event: 5.908 GC heap after
Heap after GC invocations=7 (full 1):
 PSYoungGen      total 139776K, used 10745K [0x000000076c000000, 0x0000000775300000, 0x00000007c0000000)
  eden space 129024K, 0% used [0x000000076c000000,0x000000076c000000,0x0000000773e00000)
  from space 10752K, 99% used [0x0000000774880000,0x00000007752fe738,0x0000000775300000)
  to   space 10752K, 0% used [0x0000000773e00000,0x0000000773e00000,0x0000000774880000)
 ParOldGen       total 142848K, used 43023K [0x00000006c4000000, 0x00000006ccb80000, 0x000000076c000000)
  object space 142848K, 30% used [0x00000006c4000000,0x00000006c6a03e60,0x00000006ccb80000)
 Metaspace       used 23982K, capacity 24626K, committed 24704K, reserved 1071104K
  class space    used 2739K, capacity 2893K, committed 2944K, reserved 1048576K
}

Deoptimization events (10 events):
Event: 6.225 Thread 0x0000000003584000 Uncommon trap: reason=class_check action=maybe_recompile pc=0x00000000039f39e8 method=java.lang.reflect.Field.get(Ljava/lang/Object;)Ljava/lang/Object; @ 45
Event: 6.244 Thread 0x0000000003584000 Uncommon trap: reason=unstable_if action=reinterpret pc=0x0000000003d3467c method=java.net.URI$Parser.scan(IILjava/lang/String;Ljava/lang/String;)I @ 23
Event: 6.285 Thread 0x0000000003584000 Uncommon trap: reason=predicate action=maybe_recompile pc=0x0000000003e8134c method=java.lang.String.regionMatches(ZILjava/lang/String;II)Z @ 63
Event: 6.341 Thread 0x0000000003584000 Uncommon trap: reason=unstable_if action=reinterpret pc=0x00000000046497f8 method=com.sun.tools.javac.util.BaseFileManager.getKind(Ljava/lang/String;)Ljavax/tools/JavaFileObject$Kind; @ 44
Event: 6.362 Thread 0x0000000003584000 Uncommon trap: reason=unstable_if action=reinterpret pc=0x000000000388b814 method=com.sun.tools.javac.code.Symbol$TypeSymbol.formFullName(Lcom/sun/tools/javac/util/Name;Lcom/sun/tools/javac/code/Symbol;)Lcom/sun/tools/javac/util/Name; @ 1
Event: 6.362 Thread 0x0000000003584000 Uncommon trap: reason=unstable_if action=reinterpret pc=0x000000000467143c method=com.sun.tools.javac.code.Symbol$TypeSymbol.formFlatName(Lcom/sun/tools/javac/util/Name;Lcom/sun/tools/javac/code/Symbol;)Lcom/sun/tools/javac/util/Name; @ 73
Event: 6.365 Thread 0x0000000003584000 Uncommon trap: reason=speculate_class_check action=maybe_recompile pc=0x0000000004686d6c method=com.sun.tools.javac.file.JavacFileManager.inferBinaryName(Ljavax/tools/JavaFileManager$Location;Ljavax/tools/JavaFileObject;)Ljava/lang/String; @ 23
Event: 6.365 Thread 0x0000000003584000 Uncommon trap: reason=speculate_class_check action=maybe_recompile pc=0x0000000004686d6c method=com.sun.tools.javac.file.JavacFileManager.inferBinaryName(Ljavax/tools/JavaFileManager$Location;Ljavax/tools/JavaFileObject;)Ljava/lang/String; @ 23
Event: 6.365 Thread 0x0000000003584000 Uncommon trap: reason=speculate_class_check action=maybe_recompile pc=0x0000000004686d6c method=com.sun.tools.javac.file.JavacFileManager.inferBinaryName(Ljavax/tools/JavaFileManager$Location;Ljavax/tools/JavaFileObject;)Ljava/lang/String; @ 23
Event: 6.365 Thread 0x0000000003584000 Uncommon trap: reason=speculate_class_check action=maybe_recompile pc=0x0000000004686d6c method=com.sun.tools.javac.file.JavacFileManager.inferBinaryName(Ljavax/tools/JavaFileManager$Location;Ljavax/tools/JavaFileObject;)Ljava/lang/String; @ 23

Classes redefined (0 events):
No events

Internal exceptions (10 events):
Event: 3.664 Thread 0x0000000003584000 Exception <a 'java/lang/ClassNotFoundException': com/sun/tools/javac/api/JavacTool> (0x0000000770315380) thrown at [C:\re\workspace\8-2-build-windows-amd64-cygwin\jdk8u231\13620\hotspot\src\share\vm\classfile\systemDictionary.cpp, line 210]
Event: 4.262 Thread 0x0000000003584000 Exception <a 'java/io/FileNotFoundException'> (0x000000076e58e008) thrown at [C:\re\workspace\8-2-build-windows-amd64-cygwin\jdk8u231\13620\hotspot\src\share\vm\prims\jni.cpp, line 710]
Event: 4.263 Thread 0x0000000003584000 Exception <a 'java/io/FileNotFoundException'> (0x000000076e5c4258) thrown at [C:\re\workspace\8-2-build-windows-amd64-cygwin\jdk8u231\13620\hotspot\src\share\vm\prims\jni.cpp, line 710]
Event: 5.525 Thread 0x0000000003584000 Implicit null exception at 0x00000000037bf889 to 0x00000000037c00bd
Event: 5.841 Thread 0x0000000003584000 Implicit null exception at 0x0000000003ded973 to 0x0000000003dedda1
Event: 5.845 Thread 0x0000000003584000 Implicit null exception at 0x0000000003d66855 to 0x0000000003d66a59
Event: 6.245 Thread 0x0000000003584000 Exception <a 'java/io/FileNotFoundException'> (0x000000076eb1af08) thrown at [C:\re\workspace\8-2-build-windows-amd64-cygwin\jdk8u231\13620\hotspot\src\share\vm\prims\jni.cpp, line 710]
Event: 6.278 Thread 0x0000000003584000 Exception <a 'java/lang/NoSuchFieldError': method resolution failed> (0x000000076ec67b50) thrown at [C:\re\workspace\8-2-build-windows-amd64-cygwin\jdk8u231\13620\hotspot\src\share\vm\prims\methodHandles.cpp, line 1167]
Event: 6.279 Thread 0x0000000003584000 Exception <a 'java/lang/NoSuchFieldError': method resolution failed> (0x000000076ec75ab0) thrown at [C:\re\workspace\8-2-build-windows-amd64-cygwin\jdk8u231\13620\hotspot\src\share\vm\prims\methodHandles.cpp, line 1167]
Event: 6.362 Thread 0x0000000003584000 Implicit null exception at 0x000000000388b2f1 to 0x000000000388b7fd

Events (10 events):
Event: 6.365 Thread 0x0000000003584000 DEOPT PACKING pc=0x0000000004686d6c sp=0x000000000334d010
Event: 6.365 Thread 0x0000000003584000 DEOPT UNPACKING pc=0x00000000036c583b sp=0x000000000334d000 mode 2
Event: 6.365 Thread 0x0000000003584000 Uncommon trap: trap_request=0xffffff76 fr.pc=0x0000000004686d6c
Event: 6.365 Thread 0x0000000003584000 DEOPT PACKING pc=0x0000000004686d6c sp=0x000000000334d0b0
Event: 6.365 Thread 0x0000000003584000 DEOPT UNPACKING pc=0x00000000036c583b sp=0x000000000334d0a0 mode 2
Event: 6.365 Thread 0x0000000003584000 Uncommon trap: trap_request=0xffffff76 fr.pc=0x0000000004686d6c
Event: 6.365 Thread 0x0000000003584000 DEOPT PACKING pc=0x0000000004686d6c sp=0x000000000334d010
Event: 6.365 Thread 0x0000000003584000 DEOPT UNPACKING pc=0x00000000036c583b sp=0x000000000334d000 mode 2
Event: 6.518 Executing VM operation: ForceSafepoint
Event: 6.519 Executing VM operation: ForceSafepoint done


Dynamic libraries:
0x00007ff73e1a0000 - 0x00007ff73e1d7000 	C:\Program Files\Java\jdk1.8.0_231\bin\java.exe
0x00007ffb953d0000 - 0x00007ffb955c8000 	C:\WINDOWS\SYSTEM32\ntdll.dll
0x00007ffb93ab0000 - 0x00007ffb93b72000 	C:\WINDOWS\System32\KERNEL32.DLL
0x00007ffb92a70000 - 0x00007ffb92d66000 	C:\WINDOWS\System32\KERNELBASE.dll
0x00007ffb94a30000 - 0x00007ffb94ae1000 	C:\WINDOWS\System32\ADVAPI32.dll
0x00007ffb93c10000 - 0x00007ffb93cae000 	C:\WINDOWS\System32\msvcrt.dll
0x00007ffb93870000 - 0x00007ffb9390f000 	C:\WINDOWS\System32\sechost.dll
0x00007ffb950a0000 - 0x00007ffb951c0000 	C:\WINDOWS\System32\RPCRT4.dll
0x00007ffb93240000 - 0x00007ffb93267000 	C:\WINDOWS\System32\bcrypt.dll
0x00007ffb951c0000 - 0x00007ffb9535d000 	C:\WINDOWS\System32\USER32.dll
0x00007ffb93270000 - 0x00007ffb93292000 	C:\WINDOWS\System32\win32u.dll
0x00007ffb93970000 - 0x00007ffb9399b000 	C:\WINDOWS\System32\GDI32.dll
0x00007ffb92e70000 - 0x00007ffb92f89000 	C:\WINDOWS\System32\gdi32full.dll
0x00007ffb931a0000 - 0x00007ffb9323d000 	C:\WINDOWS\System32\msvcp_win.dll
0x00007ffb92d70000 - 0x00007ffb92e70000 	C:\WINDOWS\System32\ucrtbase.dll
0x00007ffb75ea0000 - 0x00007ffb7613b000 	C:\WINDOWS\WinSxS\amd64_microsoft.windows.common-controls_6595b64144ccf1df_6.0.19041.6280_none_60bc30a171f2f3f3\COMCTL32.dll
0x00007ffb95360000 - 0x00007ffb9538f000 	C:\WINDOWS\System32\IMM32.DLL
0x0000000056110000 - 0x00000000561e2000 	C:\Program Files\Java\jdk1.8.0_231\jre\bin\msvcr100.dll
0x0000000055860000 - 0x0000000056106000 	C:\Program Files\Java\jdk1.8.0_231\jre\bin\server\jvm.dll
0x00007ffb94d70000 - 0x00007ffb94d78000 	C:\WINDOWS\System32\PSAPI.DLL
0x00007ffb77700000 - 0x00007ffb77709000 	C:\WINDOWS\SYSTEM32\WSOCK32.dll
0x00007ffb7c5e0000 - 0x00007ffb7c607000 	C:\WINDOWS\SYSTEM32\WINMM.dll
0x00007ffb89c60000 - 0x00007ffb89c6a000 	C:\WINDOWS\SYSTEM32\VERSION.dll
0x00007ffb93cd0000 - 0x00007ffb93d3b000 	C:\WINDOWS\System32\WS2_32.dll
0x00007ffb7e380000 - 0x00007ffb7e38f000 	C:\Program Files\Java\jdk1.8.0_231\jre\bin\verify.dll
0x00007ffb5abe0000 - 0x00007ffb5ac09000 	C:\Program Files\Java\jdk1.8.0_231\jre\bin\java.dll
0x00007ffb5abb0000 - 0x00007ffb5abd3000 	C:\Program Files\Java\jdk1.8.0_231\jre\bin\instrument.dll
0x00007ffb63c30000 - 0x00007ffb63c46000 	C:\Program Files\Java\jdk1.8.0_231\jre\bin\zip.dll
0x00007ffb93d40000 - 0x00007ffb944b0000 	C:\WINDOWS\System32\SHELL32.dll
0x00007ffb907f0000 - 0x00007ffb90f95000 	C:\WINDOWS\SYSTEM32\windows.storage.dll
0x00007ffb944c0000 - 0x00007ffb94813000 	C:\WINDOWS\System32\combase.dll
0x00007ffb924a0000 - 0x00007ffb924cb000 	C:\WINDOWS\SYSTEM32\Wldp.dll
0x00007ffb94fd0000 - 0x00007ffb9509d000 	C:\WINDOWS\System32\OLEAUT32.dll
0x00007ffb94cc0000 - 0x00007ffb94d6d000 	C:\WINDOWS\System32\SHCORE.dll
0x00007ffb94c60000 - 0x00007ffb94cbb000 	C:\WINDOWS\System32\shlwapi.dll
0x00007ffb929a0000 - 0x00007ffb929c4000 	C:\WINDOWS\SYSTEM32\profapi.dll
0x00007ffb60f60000 - 0x00007ffb60f7a000 	D:\Program Files\JetBrains\IntelliJ IDEA 2024.2\bin\breakgen64.dll
0x00007ffb60d90000 - 0x00007ffb60daa000 	C:\Program Files\Java\jdk1.8.0_231\jre\bin\net.dll
0x00007ffb92200000 - 0x00007ffb9226a000 	C:\WINDOWS\system32\mswsock.dll
0x00007ffb923f0000 - 0x00007ffb92408000 	C:\WINDOWS\SYSTEM32\CRYPTSP.dll
0x00007ffb91ab0000 - 0x00007ffb91ae8000 	C:\WINDOWS\system32\rsaenh.dll
0x00007ffb92960000 - 0x00007ffb9298e000 	C:\WINDOWS\SYSTEM32\USERENV.dll
0x00007ffb93370000 - 0x00007ffb933f2000 	C:\WINDOWS\System32\bcryptprimitives.dll
0x00007ffb92410000 - 0x00007ffb9241c000 	C:\WINDOWS\SYSTEM32\CRYPTBASE.dll
0x00007ffb91e90000 - 0x00007ffb91ecb000 	C:\WINDOWS\SYSTEM32\IPHLPAPI.DLL
0x00007ffb94bd0000 - 0x00007ffb94bd8000 	C:\WINDOWS\System32\NSI.dll
0x00007ffb88d30000 - 0x00007ffb88d47000 	C:\WINDOWS\SYSTEM32\dhcpcsvc6.DLL
0x00007ffb88d10000 - 0x00007ffb88d2d000 	C:\WINDOWS\SYSTEM32\dhcpcsvc.DLL
0x00007ffb91ee0000 - 0x00007ffb91faa000 	C:\WINDOWS\SYSTEM32\DNSAPI.dll
0x00007ffb5a840000 - 0x00007ffb5a852000 	C:\Program Files\Java\jdk1.8.0_231\jre\bin\nio.dll
0x00007ffb82cb0000 - 0x00007ffb82cba000 	C:\Users\King\AppData\Local\Temp\jansi-1.17.1-5195553832487774972.dll

VM Arguments:
jvm_args: -Dmaven.multiModuleProjectDirectory=F:\baiducloud\mall-swarm\mall-gateway -Djansi.passthrough=true -Dmaven.home=D:\tools\apache-maven-3.6.3-bin\apache-maven-3.6.3 -Dclassworlds.conf=D:\tools\apache-maven-3.6.3-bin\apache-maven-3.6.3\bin\m2.conf -Dmaven.ext.class.path=D:\Program Files\JetBrains\IntelliJ IDEA 2024.2\plugins\maven\lib\maven-event-listener.jar -javaagent:D:\Program Files\JetBrains\IntelliJ IDEA 2024.2\lib\idea_rt.jar=62077:D:\Program Files\JetBrains\IntelliJ IDEA 2024.2\bin -Dfile.encoding=UTF-8 
java_command: org.codehaus.classworlds.Launcher -Didea.version=2024.2 install
java_class_path (initial): D:\tools\apache-maven-3.6.3-bin\apache-maven-3.6.3\boot\plexus-classworlds-2.6.0.jar;D:\tools\apache-maven-3.6.3-bin\apache-maven-3.6.3\boot\plexus-classworlds.license;D:\Program Files\JetBrains\IntelliJ IDEA 2024.2\lib\idea_rt.jar
Launcher Type: SUN_STANDARD

Environment Variables:
JAVA_HOME=C:\Program Files\Java\jdk1.8.0_231
CLASSPATH=.;C:\Program Files\Java\jdk1.8.0_231\lib\dt.jar;C:\Program Files\Java\jdk1.8.0_231\lib\tools.jar;
PATH=C:\Program Files\Common Files\Oracle\Java\javapath;C:\Python313\Scripts\;C:\Python313\;C:\Windows\system32;C:\Windows;C:\Windows\System32\Wbem;C:\Windows\System32\WindowsPowerShell\v1.0\;C:\Windows\System32\OpenSSH\;C:\Program Files\Java\jdk1.8.0_231\bin;C:\WINDOWS\system32;C:\WINDOWS;C:\WINDOWS\System32\Wbem;C:\WINDOWS\System32\WindowsPowerShell\v1.0\;C:\WINDOWS\System32\OpenSSH\;C:\Program Files\Git\cmd;D:\tools\apache-maven-3.6.0-bin\apache-maven-3.6.0\bin;C:\Program Files\NVIDIA Corporation\NVIDIA NvDLISR;D:\tools\mysql-8.0.28-winx64\bin;D:\tools\mysql-8.0.28-winx64-slave\bin;D:\tools\mysql-8.0.28-winx64-3306\bin;C:\Program Files (x86)\PuTTY\;C:\Program Files (x86)\Microsoft SQL Server\160\Tools\Binn\;C:\Program Files\Microsoft SQL Server\160\Tools\Binn\;C:\Program Files\Microsoft SQL Server\Client SDK\ODBC\170\Tools\Binn\;C:\Program Files\Microsoft SQL Server\160\DTS\Binn\;D:\shujuku\MariaDB 11.7\bin;D:\shujuku\sqlite;D:\tools\MongoDB\bin;C:\ProgramData\chocolatey\bin;C:\Users\King\AppData\Local\nvm;C:\nvm4w\nodejs;C:\Program Files (x86)\Microsoft SQL Server\160\DTS\Binn\;C:\Program Files (x86)\NetSarang\Xshell 8\;D:\Python\Python39\Scripts\;D:\Python\Python39\;C:\Users\King\AppData\Local\Microsoft\WindowsApps;C:\Program Files\JetBrains\DataGrip 2019.2.6\bin;;D:\tools\Microsoft VS Code\bin;D:\Program Files\JetBrains\IntelliJ IDEA 2024.2\bin;;C:\Users\King\AppData\Roaming\npm;C:\Users\King\AppData\Local\nvm;C:\nvm4w\nodejs
USERNAME=King
OS=Windows_NT
PROCESSOR_IDENTIFIER=Intel64 Family 6 Model 158 Stepping 10, GenuineIntel



---------------  S Y S T E M  ---------------

OS: Windows 10.0 , 64 bit Build 19041 (10.0.19041.5915)

CPU:total 12 (initial active 12) (6 cores per cpu, 2 threads per core) family 6 model 158 stepping 10, cmov, cx8, fxsr, mmx, sse, sse2, sse3, ssse3, sse4.1, sse4.2, popcnt, avx, avx2, aes, clmul, erms, 3dnowpref, lzcnt, ht, tsc, tscinvbit, bmi1, bmi2, adx

Memory: 4k page, physical 16511296k(1646864k free), swap 34579004k(19060k free)

vm_info: Java HotSpot(TM) 64-Bit Server VM (25.231-b11) for windows-amd64 JRE (1.8.0_231-b11), built on Oct  5 2019 03:11:30 by "java_re" with MS VC++ 10.0 (VS2010)

time: Tue Sep 16 15:18:42 2025
timezone: 中国标准时间
elapsed time: 6 seconds (0d 0h 0m 6s)

